== node scripts/fetch-gbif-presence.mjs --out .research/gbif --species=species:black-billed-magpie,species:boat-tailed-grackle,species:california-quail,species:chukar,species:common-raven,species:dusky-grouse,species:eurasian-collared-dove,species:gray-partridge,species:great-tailed-grackle,species:greater-sage-grouse,species:house-sparrow,species:mottled-duck,species:mountain-quail,species:mute-swan,species:northern-bobwhite,species:ring-necked-pheasant,species:rock-pigeon,species:scaled-quail,species:sharp-tailed-grouse,species:sooty-grouse,species:spruce-grouse,species:wild-turkey,species:willow-ptarmigan,species:american-mink,species:long-tailed-weasel,species:north-american-porcupine
(node:2194) [MODULE_TYPELESS_PACKAGE_JSON] Warning: Module type of file:///home/runner/work/ngbc/ngbc/src/lib/hunt/intelligence/species-catalogue.ts is not specified and it doesn't parse as CommonJS.
Reparsing as ES module because module syntax was detected. This incurs a performance overhead.
To eliminate this warning, add "type": "module" to /home/runner/work/ngbc/ngbc/package.json.
(Use `node --trace-warnings ...` to show where the warning was created)
  tile 3/0/0 refused (HTTP 400: Tile is missing the expected layer: occurrence); reading its children
  tile 3/1/0 refused (HTTP 400: Tile is missing the expected layer: occurrence); reading its children
  tile 3/4/3 refused (HTTP 400: Tile is missing the expected layer: occurrence); reading its children
  tile 3/3/0 refused (HTTP 400: Tile is missing the expected layer: occurrence); reading its children
  tile 3/5/1 refused (HTTP 400: Tile is missing the expected layer: occurrence); reading its children
species:boat-tailed-grackle            1496620 open records · 102 squares · 18 datasets
species:black-billed-magpie            2585092 open records · 537 squares · 34 datasets
  tile 3/5/2 refused (HTTP 400: Tile is missing the expected layer: occurrence); reading its children
species:american-mink                      498 open records · 94 squares · 40 datasets
  tile 3/1/0 refused (HTTP 400: Tile is missing the expected layer: occurrence); reading its children
species:california-quail               1307227 open records · 144 squares · 33 datasets
  tile 3/1/0 refused (HTTP 400: Tile is missing the expected layer: occurrence); reading its children
species:common-raven                   9074296 open records · 1354 squares · 60 datasets
species:chukar                           59684 open records · 356 squares · 21 datasets
  tile 3/2/0 refused (HTTP 400: Tile is missing the expected layer: occurrence); reading its children
  tile 3/1/0 refused (HTTP 400: Tile is missing the expected layer: occurrence); reading its children
  tile 3/2/0 refused (HTTP 400: Tile is missing the expected layer: occurrence); reading its children
species:dusky-grouse                     34891 open records · 181 squares · 19 datasets
species:gray-partridge                   83287 open records · 234 squares · 22 datasets
  tile 3/4/3 refused (HTTP 400: Tile is missing the expected layer: occurrence); reading its children
  tile 3/4/3 refused (HTTP 400: Tile is missing the expected layer: occurrence); reading its children
species:eurasian-collared-dove         4457372 open records · 666 squares · 34 datasets
species:greater-sage-grouse              16769 open records · 93 squares · 21 datasets
species:great-tailed-grackle           2376578 open records · 315 squares · 31 datasets
  tile 3/1/0 refused (HTTP 400: Tile is missing the expected layer: occurrence); reading its children
  tile 3/2/0 refused (HTTP 400: Tile is missing the expected layer: occurrence); reading its children
  tile 3/5/2 refused (HTTP 400: Tile is missing the expected layer: occurrence); reading its children
  tile 3/4/1 refused (HTTP 400: Tile is missing the expected layer: occurrence); reading its children
species:long-tailed-weasel                 204 open records · 68 squares · 27 datasets
  tile 3/3/0 refused (HTTP 400: Tile is missing the expected layer: occurrence); reading its children
  tile 3/4/3 refused (HTTP 400: Tile is missing the expected layer: occurrence); reading its children
  tile 3/4/3 refused (HTTP 400: Tile is missing the expected layer: occurrence); reading its children
species:mottled-duck                    592314 open records · 127 squares · 19 datasets
  tile 3/3/1 refused (HTTP 400: Tile is missing the expected layer: occurrence); reading its children
species:house-sparrow                  14820187 open records · 763 squares · 68 datasets
  tile 3/3/2 refused (HTTP 400: Tile is missing the expected layer: occurrence); reading its children
  tile 3/1/2 refused (HTTP 400: Tile is missing the expected layer: occurrence); reading its children
  tile 3/0/0 refused (HTTP 400: Tile is missing the expected layer: occurrence); reading its children
species:mountain-quail                   79320 open records · 64 squares · 22 datasets
  tile 3/1/0 refused (HTTP 400: Tile is missing the expected layer: occurrence); reading its children
  tile 3/4/0 refused (HTTP 400: Tile is missing the expected layer: occurrence); reading its children
  tile 3/1/0 refused (HTTP 400: Tile is missing the expected layer: occurrence); reading its children
  tile 3/2/0 refused (HTTP 400: Tile is missing the expected layer: occurrence); reading its children
  tile 3/4/3 refused (HTTP 400: Tile is missing the expected layer: occurrence); reading its children
  tile 3/1/2 refused (HTTP 400: Tile is missing the expected layer: occurrence); reading its children
species:mute-swan                      1797889 open records · 390 squares · 22 datasets
species:north-american-porcupine          4060 open records · 303 squares · 37 datasets
  tile 3/1/3 refused (HTTP 400: Tile is missing the expected layer: occurrence); reading its children
  tile 3/1/0 refused (HTTP 400: Tile is missing the expected layer: occurrence); reading its children
  tile 3/2/0 refused (HTTP 400: Tile is missing the expected layer: occurrence); reading its children
  tile 3/4/3 refused (HTTP 400: Tile is missing the expected layer: occurrence); reading its children
  tile 3/3/0 refused (HTTP 400: Tile is missing the expected layer: occurrence); reading its children
species:northern-bobwhite               432193 open records · 393 squares · 26 datasets
species:ring-necked-pheasant            903630 open records · 549 squares · 40 datasets
  tile 3/0/0 refused (HTTP 400: Tile is missing the expected layer: occurrence); reading its children
  tile 3/4/3 refused (HTTP 400: Tile is missing the expected layer: occurrence); reading its children
  tile 3/0/1 refused (HTTP 400: Tile is missing the expected layer: occurrence); reading its children
species:scaled-quail                     97456 open records · 78 squares · 18 datasets
species:rock-pigeon                    8334022 open records · 752 squares · 51 datasets
  tile 3/3/0 refused (HTTP 400: Tile is missing the expected layer: occurrence); reading its children
  tile 3/3/0 refused (HTTP 400: Tile is missing the expected layer: occurrence); reading its children
species:sooty-grouse                     54700 open records · 85 squares · 14 datasets
species:sharp-tailed-grouse              66087 open records · 355 squares · 25 datasets
species:spruce-grouse                    51397 open records · 598 squares · 27 datasets
  tile 3/4/3 refused (HTTP 400: Tile is missing the expected layer: occurrence); reading its children
  tile 3/5/0 refused (HTTP 400: Tile is missing the expected layer: occurrence); reading its children
species:wild-turkey                    2680444 open records · 563 squares · 49 datasets
  tile 3/5/2 refused (HTTP 400: Tile is missing the expected layer: occurrence); reading its children
species:willow-ptarmigan                 36362 open records · 556 squares · 26 datasets
